../Inc/core_cm4.h:1688:22:__NVIC_EnableIRQ	16	static
../Inc/core_cm4.h:1816:22:__NVIC_SetPriority	16	static
../Src/serial.c:64:6:SerialInitialise	32	static
../Src/serial.c:111:6:SerialSetTermChar	16	static
../Src/serial.c:118:13:SerialFifotransmission	24	static
../Src/serial.c:137:6:SerialOutputChar	16	static
../Src/serial.c:145:6:SerialOutputString	16	static
../Src/serial.c:155:6:SerialPrintPrompt	16	static
../Src/serial.c:165:6:SerialInputReceive	16	static
../Src/serial.c:193:6:Enable_Serial_Interrupt	8	static,ignoring_inline_asm
../Src/serial.c:205:6:USART1_EXTI25_IRQHandler	16	static
