../Inc/core_cm4.h:1688:22:__NVIC_EnableIRQ	16	static
../Inc/core_cm4.h:1816:22:__NVIC_SetPriority	16	static
../Src/serial.c:41:13:handle_rx_char	16	static
../Src/serial.c:69:6:SerialOutputChar	16	static
../Src/serial.c:75:6:SerialOutputString	16	static
../Src/serial.c:81:6:SerialPrintPrompt	16	static
../Src/serial.c:92:6:SerialPrintLastLength	80	static
../Src/serial.c:105:6:SerialInitialise	32	static
../Src/serial.c:140:6:SerialSetTermChar	16	static
../Src/serial.c:143:6:enable_serial_interrupt	8	static,ignoring_inline_asm
../Src/serial.c:157:6:USART1_EXTI25_IRQHandler	16	static
