Archive member included to satisfy reference by file (symbol)

E:/STM32CubeIDE_1.18.0/STM32CubeIDE/plugins/com.st.stm32cube.ide.mcu.externaltools.gnu-tools-for-stm32.13.3.rel1.win32_1.0.0.202411081344/tools/bin/../lib/gcc/arm-none-eabi/13.3.1/../../../../arm-none-eabi/lib/thumb/v7e-m+fp/hard\libc_nano.a(libc_a-exit.o)
                              E:/STM32CubeIDE_1.18.0/STM32CubeIDE/plugins/com.st.stm32cube.ide.mcu.externaltools.gnu-tools-for-stm32.13.3.rel1.win32_1.0.0.202411081344/tools/bin/../lib/gcc/arm-none-eabi/13.3.1/../../../../arm-none-eabi/lib/thumb/v7e-m+fp/hard/crt0.o (exit)
E:/STM32CubeIDE_1.18.0/STM32CubeIDE/plugins/com.st.stm32cube.ide.mcu.externaltools.gnu-tools-for-stm32.13.3.rel1.win32_1.0.0.202411081344/tools/bin/../lib/gcc/arm-none-eabi/13.3.1/../../../../arm-none-eabi/lib/thumb/v7e-m+fp/hard\libc_nano.a(libc_a-findfp.o)
                              E:/STM32CubeIDE_1.18.0/STM32CubeIDE/plugins/com.st.stm32cube.ide.mcu.externaltools.gnu-tools-for-stm32.13.3.rel1.win32_1.0.0.202411081344/tools/bin/../lib/gcc/arm-none-eabi/13.3.1/../../../../arm-none-eabi/lib/thumb/v7e-m+fp/hard\libc_nano.a(libc_a-exit.o) (__stdio_exit_handler)
E:/STM32CubeIDE_1.18.0/STM32CubeIDE/plugins/com.st.stm32cube.ide.mcu.externaltools.gnu-tools-for-stm32.13.3.rel1.win32_1.0.0.202411081344/tools/bin/../lib/gcc/arm-none-eabi/13.3.1/../../../../arm-none-eabi/lib/thumb/v7e-m+fp/hard\libc_nano.a(libc_a-fwalk.o)
                              E:/STM32CubeIDE_1.18.0/STM32CubeIDE/plugins/com.st.stm32cube.ide.mcu.externaltools.gnu-tools-for-stm32.13.3.rel1.win32_1.0.0.202411081344/tools/bin/../lib/gcc/arm-none-eabi/13.3.1/../../../../arm-none-eabi/lib/thumb/v7e-m+fp/hard\libc_nano.a(libc_a-findfp.o) (_fwalk_sglue)
E:/STM32CubeIDE_1.18.0/STM32CubeIDE/plugins/com.st.stm32cube.ide.mcu.externaltools.gnu-tools-for-stm32.13.3.rel1.win32_1.0.0.202411081344/tools/bin/../lib/gcc/arm-none-eabi/13.3.1/../../../../arm-none-eabi/lib/thumb/v7e-m+fp/hard\libc_nano.a(libc_a-stdio.o)
                              E:/STM32CubeIDE_1.18.0/STM32CubeIDE/plugins/com.st.stm32cube.ide.mcu.externaltools.gnu-tools-for-stm32.13.3.rel1.win32_1.0.0.202411081344/tools/bin/../lib/gcc/arm-none-eabi/13.3.1/../../../../arm-none-eabi/lib/thumb/v7e-m+fp/hard\libc_nano.a(libc_a-findfp.o) (__sread)
E:/STM32CubeIDE_1.18.0/STM32CubeIDE/plugins/com.st.stm32cube.ide.mcu.externaltools.gnu-tools-for-stm32.13.3.rel1.win32_1.0.0.202411081344/tools/bin/../lib/gcc/arm-none-eabi/13.3.1/../../../../arm-none-eabi/lib/thumb/v7e-m+fp/hard\libc_nano.a(libc_a-memset.o)
                              E:/STM32CubeIDE_1.18.0/STM32CubeIDE/plugins/com.st.stm32cube.ide.mcu.externaltools.gnu-tools-for-stm32.13.3.rel1.win32_1.0.0.202411081344/tools/bin/../lib/gcc/arm-none-eabi/13.3.1/../../../../arm-none-eabi/lib/thumb/v7e-m+fp/hard/crt0.o (memset)
E:/STM32CubeIDE_1.18.0/STM32CubeIDE/plugins/com.st.stm32cube.ide.mcu.externaltools.gnu-tools-for-stm32.13.3.rel1.win32_1.0.0.202411081344/tools/bin/../lib/gcc/arm-none-eabi/13.3.1/../../../../arm-none-eabi/lib/thumb/v7e-m+fp/hard\libc_nano.a(libc_a-closer.o)
                              E:/STM32CubeIDE_1.18.0/STM32CubeIDE/plugins/com.st.stm32cube.ide.mcu.externaltools.gnu-tools-for-stm32.13.3.rel1.win32_1.0.0.202411081344/tools/bin/../lib/gcc/arm-none-eabi/13.3.1/../../../../arm-none-eabi/lib/thumb/v7e-m+fp/hard\libc_nano.a(libc_a-stdio.o) (_close_r)
E:/STM32CubeIDE_1.18.0/STM32CubeIDE/plugins/com.st.stm32cube.ide.mcu.externaltools.gnu-tools-for-stm32.13.3.rel1.win32_1.0.0.202411081344/tools/bin/../lib/gcc/arm-none-eabi/13.3.1/../../../../arm-none-eabi/lib/thumb/v7e-m+fp/hard\libc_nano.a(libc_a-reent.o)
                              E:/STM32CubeIDE_1.18.0/STM32CubeIDE/plugins/com.st.stm32cube.ide.mcu.externaltools.gnu-tools-for-stm32.13.3.rel1.win32_1.0.0.202411081344/tools/bin/../lib/gcc/arm-none-eabi/13.3.1/../../../../arm-none-eabi/lib/thumb/v7e-m+fp/hard\libc_nano.a(libc_a-closer.o) (errno)
E:/STM32CubeIDE_1.18.0/STM32CubeIDE/plugins/com.st.stm32cube.ide.mcu.externaltools.gnu-tools-for-stm32.13.3.rel1.win32_1.0.0.202411081344/tools/bin/../lib/gcc/arm-none-eabi/13.3.1/../../../../arm-none-eabi/lib/thumb/v7e-m+fp/hard\libc_nano.a(libc_a-impure.o)
                              E:/STM32CubeIDE_1.18.0/STM32CubeIDE/plugins/com.st.stm32cube.ide.mcu.externaltools.gnu-tools-for-stm32.13.3.rel1.win32_1.0.0.202411081344/tools/bin/../lib/gcc/arm-none-eabi/13.3.1/../../../../arm-none-eabi/lib/thumb/v7e-m+fp/hard\libc_nano.a(libc_a-reent.o) (_impure_ptr)
E:/STM32CubeIDE_1.18.0/STM32CubeIDE/plugins/com.st.stm32cube.ide.mcu.externaltools.gnu-tools-for-stm32.13.3.rel1.win32_1.0.0.202411081344/tools/bin/../lib/gcc/arm-none-eabi/13.3.1/../../../../arm-none-eabi/lib/thumb/v7e-m+fp/hard\libc_nano.a(libc_a-lseekr.o)
[...]
Memory Configuration

Name             Origin             Length             Attributes
CCMRAM           0x10000000         0x00002000         xrw
RAM              0x20000000         0x0000a000         xrw
FLASH            0x08000000         0x00040000         xr
*default*        0x00000000         0xffffffff

Linker script and memory map

LOAD E:/STM32CubeIDE_1.18.0/STM32CubeIDE/plugins/com.st.stm32cube.ide.mcu.externaltools.gnu-tools-for-stm32.13.3.rel1.win32_1.0.0.202411081344/tools/bin/../lib/gcc/arm-none-eabi/13.3.1/thumb/v7e-m+fp/hard/crti.o
LOAD E:/STM32CubeIDE_1.18.0/STM32CubeIDE/plugins/com.st.stm32cube.ide.mcu.externaltools.gnu-tools-for-stm32.13.3.rel1.win32_1.0.0.202411081344/tools/bin/../lib/gcc/arm-none-eabi/13.3.1/thumb/v7e-m+fp/hard/crtbegin.o
LOAD E:/STM32CubeIDE_1.18.0/STM32CubeIDE/plugins/com.st.stm32cube.ide.mcu.externaltools.gnu-tools-for-stm32.13.3.rel1.win32_1.0.0.202411081344/tools/bin/../lib/gcc/arm-none-eabi/13.3.1/../../../../arm-none-eabi/lib/thumb/v7e-m+fp/hard/crt0.o
LOAD ./Src/main.o
LOAD ./Src/serial.o
LOAD ./Src/syscalls.o
LOAD ./Src/sysmem.o
LOAD ./Startup/startup_stm32f303vctx.o
START GROUP
LOAD E:/STM32CubeIDE_1.18.0/STM32CubeIDE/plugins/com.st.stm32cube.ide.mcu.externaltools.gnu-tools-for-stm32.13.3.rel1.win32_1.0.0.202411081344/tools/bin/../lib/gcc/arm-none-eabi/13.3.1/../../../../arm-none-eabi/lib/thumb/v7e-m+fp/hard\libc_nano.a
LOAD E:/STM32CubeIDE_1.18.0/STM32CubeIDE/plugins/com.st.stm32cube.ide.mcu.externaltools.gnu-tools-for-stm32.13.3.rel1.win32_1.0.0.202411081344/tools/bin/../lib/gcc/arm-none-eabi/13.3.1/../../../../arm-none-eabi/lib/thumb/v7e-m+fp/hard\libm.a
END GROUP
START GROUP
LOAD E:/STM32CubeIDE_1.18.0/STM32CubeIDE/plugins/com.st.stm32cube.ide.mcu.externaltools.gnu-tools-for-stm32.13.3.rel1.win32_1.0.0.202411081344/tools/bin/../lib/gcc/arm-none-eabi/13.3.1/thumb/v7e-m+fp/hard\libgcc.a
LOAD E:/STM32CubeIDE_1.18.0/STM32CubeIDE/plugins/com.st.stm32cube.ide.mcu.externaltools.gnu-tools-for-stm32.13.3.rel1.win32_1.0.0.202411081344/tools/bin/../lib/gcc/arm-none-eabi/13.3.1/../../../../arm-none-eabi/lib/thumb/v7e-m+fp/hard\libc_nano.a
END GROUP
START GROUP
LOAD E:/STM32CubeIDE_1.18.0/STM32CubeIDE/plugins/com.st.stm32cube.ide.mcu.externaltools.gnu-tools-for-stm32.13.3.rel1.win32_1.0.0.202411081344/tools/bin/../lib/gcc/arm-none-eabi/13.3.1/thumb/v7e-m+fp/hard\libgcc.a
LOAD E:/STM32CubeIDE_1.18.0/STM32CubeIDE/plugins/com.st.stm32cube.ide.mcu.externaltools.gnu-tools-for-stm32.13.3.rel1.win32_1.0.0.202411081344/tools/bin/../lib/gcc/arm-none-eabi/13.3.1/../../../../arm-none-eabi/lib/thumb/v7e-m+fp/hard\libc_nano.a
LOAD E:/STM32CubeIDE_1.18.0/STM32CubeIDE/plugins/com.st.stm32cube.ide.mcu.externaltools.gnu-tools-for-stm32.13.3.rel1.win32_1.0.0.202411081344/tools/bin/../lib/gcc/arm-none-eabi/13.3.1/../../../../arm-none-eabi/lib/thumb/v7e-m+fp/hard\libnosys.a
END GROUP
START GROUP
LOAD E:/STM32CubeIDE_1.18.0/STM32CubeIDE/plugins/com.st.stm32cube.ide.mcu.externaltools.gnu-tools-for-stm32.13.3.rel1.win32_1.0.0.202411081344/tools/bin/../lib/gcc/arm-none-eabi/13.3.1/thumb/v7e-m+fp/hard\libgcc.a
LOAD E:/STM32CubeIDE_1.18.0/STM32CubeIDE/plugins/com.st.stm32cube.ide.mcu.externaltools.gnu-tools-for-stm32.13.3.rel1.win32_1.0.0.202411081344/tools/bin/../lib/gcc/arm-none-eabi/13.3.1/../../../../arm-none-eabi/lib/thumb/v7e-m+fp/hard\libc_nano.a
LOAD E:/STM32CubeIDE_1.18.0/STM32CubeIDE/plugins/com.st.stm32cube.ide.mcu.externaltools.gnu-tools-for-stm32.13.3.rel1.win32_1.0.0.202411081344/tools/bin/../lib/gcc/arm-none-eabi/13.3.1/../../../../arm-none-eabi/lib/thumb/v7e-m+fp/hard\libnosys.a
END GROUP
LOAD E:/STM32CubeIDE_1.18.0/STM32CubeIDE/plugins/com.st.stm32cube.ide.mcu.externaltools.gnu-tools-for-stm32.13.3.rel1.win32_1.0.0.202411081344/tools/bin/../lib/gcc/arm-none-eabi/13.3.1/thumb/v7e-m+fp/hard/crtend.o
LOAD E:/STM32CubeIDE_1.18.0/STM32CubeIDE/plugins/com.st.stm32cube.ide.mcu.externaltools.gnu-tools-for-stm32.13.3.rel1.win32_1.0.0.202411081344/tools/bin/../lib/gcc/arm-none-eabi/13.3.1/thumb/v7e-m+fp/hard/crtn.o
                0x2000a000                        _estack = (ORIGIN (RAM) + LENGTH (RAM))
                0x00000200                        _Min_Heap_Size = 0x200
                0x00000400                        _Min_Stack_Size = 0x400

.isr_vector     0x08000000      0x194
                0x08000000                        . = ALIGN (0x4)
 *(.isr_vector)
 .isr_vector    0x08000000      0x194 ./Startup/startup_stm32f303vctx.o
                0x08000000                g_pfnVectors
                0x08000194                        . = ALIGN (0x4)

.text           0x08000194      0x384
                0x08000194                        . = ALIGN (0x4)
 *(.text)
 .text          0x08000194       0x40 E:/STM32CubeIDE_1.18.0/STM32CubeIDE/plugins/com.st.stm32cube.ide.mcu.externaltools.gnu-tools-for-stm32.13.3.rel1.win32_1.0.0.202411081344/tools/bin/../lib/gcc/arm-none-eabi/13.3.1/thumb/v7e-m+fp/hard/crtbegin.o
 *(.text*)
 .text.callback
                0x080001d4       0x14 ./Src/main.o
                0x080001d4                callback
 .text.main     0x080001e8       0x2c ./Src/main.o
                0x080001e8                main
 .text.SerialInitialise
                0x08000214      0x100 ./Src/serial.o
                0x08000214                SerialInitialise
 .text.SerialSetTermChar
                0x08000314       0x20 ./Src/serial.o
                0x08000314                SerialSetTermChar
 .text.SerialOutputChar
                0x08000334       0x32 ./Src/serial.o
                0x08000334                SerialOutputChar
 .text.SerialOutputString
                0x08000366       0x48 ./Src/serial.o
                0x08000366                SerialOutputString
 *fill*         0x080003ae        0x2 
 .text.SerialPrintPrompt
                0x080003b0       0x30 ./Src/serial.o
                0x080003b0                SerialPrintPrompt
 .text.SerialInputReceive
                0x080003e0       0x84 ./Src/serial.o
                0x080003e0                SerialInputReceive
 .text.Reset_Handler
                0x08000464       0x50 ./Startup/startup_stm32f303vctx.o
                0x08000464                Reset_Handler
 .text.Default_Handler
                0x080004b4        0x2 ./Startup/startup_stm32f303vctx.o
                0x080004b4                TIM8_TRG_COM_IRQHandler
                0x080004b4                TIM8_CC_IRQHandler
                0x080004b4                DebugMon_Handler
                0x080004b4                DMA1_CH4_IRQHandler
                0x080004b4                SPI4_IRQHandler
                0x080004b4                TIM1_CC_IRQHandler
                0x080004b4                HardFault_Handler
                0x080004b4                USB_HP_IRQHandler
                0x080004b4                I2C2_EV_EXTI24_IRQHandler
                0x080004b4                SysTick_Handler
                0x080004b4                USB_WKUP_EXTI_IRQHandler
                0x080004b4                PVD_IRQHandler
                0x080004b4                UART4_EXTI34_IRQHandler
                0x080004b4                TAMP_STAMP_IRQHandler
                0x080004b4                PendSV_Handler
                0x080004b4                NMI_Handler
                0x080004b4                EXTI3_IRQHandler
                0x080004b4                I2C3_ER_IRQHandler
                0x080004b4                TIM6_DACUNDER_IRQHandler
                0x080004b4                USB_HP_CAN_TX_IRQHandler
                0x080004b4                EXTI0_IRQHandler
                0x080004b4                DMA2_CH1_IRQHandler
                0x080004b4                TIM1_UP_TIM16_IRQHandler
                0x080004b4                UsageFault_Handler
                0x080004b4                ADC1_2_IRQHandler
                0x080004b4                SPI1_IRQHandler
                0x080004b4                CAN_SCE_IRQHandler
                0x080004b4                DMA1_CH7_IRQHandler
                0x080004b4                TIM8_UP_IRQHandler
                0x080004b4                COMP456_IRQHandler
                0x080004b4                DMA1_CH6_IRQHandler
                0x080004b4                TIM20_TRG_COM_IRQHandler
                0x080004b4                ADC3_IRQHandler
                0x080004b4                TIM4_IRQHandler
                0x080004b4                CAN_RX1_IRQHandler
                0x080004b4                USART1_EXTI25_IRQHandler
                0x080004b4                DMA2_CH5_IRQHandler
                0x080004b4                I2C1_EV_EXTI23_IRQHandler
                0x080004b4                DMA1_CH3_IRQHandler
                0x080004b4                TIM3_IRQHandler
                0x080004b4                RCC_IRQHandler
                0x080004b4                TIM20_UP_IRQHandler
                0x080004b4                Default_Handler
                0x080004b4                EXTI15_10_IRQHandler
                0x080004b4                USART2_EXTI26_IRQHandler
                0x080004b4                USART3_EXTI28_IRQHandler
                0x080004b4                TIM7_IRQHandler
                0x080004b4                I2C3_EV_IRQHandler
                0x080004b4                EXTI9_5_IRQHandler
                0x080004b4                DMA1_CH2_IRQHandler
                0x080004b4                RTC_WKUP_IRQHandler
                0x080004b4                SPI2_IRQHandler
                0x080004b4                DMA1_CH1_IRQHandler
                0x080004b4                USB_LP_CAN_RX0_IRQHandler
                0x080004b4                MemManage_Handler
                0x080004b4                COMP123_IRQHandler
                0x080004b4                SVC_Handler
                0x080004b4                USB_LP_IRQHandler
                0x080004b4                EXTI4_IRQHandler
                0x080004b4                TIM1_TRG_COM_TIM17_IRQHandler
                0x080004b4                ADC4_IRQHandler
                0x080004b4                WWDG_IRQHandler
                0x080004b4                TIM2_IRQHandler
                0x080004b4                COMP7_IRQHandler
                0x080004b4                EXTI1_IRQHandler
                0x080004b4                RTCAlarm_IRQHandler
                0x080004b4                UART5_EXTI35_IRQHandler
                0x080004b4                TIM20_BRK_IRQHandler
                0x080004b4                I2C2_ER_IRQHandler
                0x080004b4                TIM8_BRK_IRQHandler
                0x080004b4                FLASH_IRQHandler
                0x080004b4                TIM20_CC_IRQHandler
                0x080004b4                BusFault_Handler
                0x080004b4                SPI3_IRQHandler
                0x080004b4                DMA2_CH3_IRQHandler
                0x080004b4                DMA2_CH2_IRQHandler
                0x080004b4                I2C1_ER_IRQHandler
                0x080004b4                FMC_IRQHandler
                0x080004b4                DMA1_CH5_IRQHandler
                0x080004b4                DMA2_CH4_IRQHandler
                0x080004b4                USB_WKUP_IRQHandler
                0x080004b4                EXTI2_TSC_IRQHandler
                0x080004b4                TIM1_BRK_TIM15_IRQHandler
 *fill*         0x080004b6        0x2 
 .text.__libc_init_array
                0x080004b8       0x48 E:/STM32CubeIDE_1.18.0/STM32CubeIDE/plugins/com.st.stm32cube.ide.mcu.externaltools.gnu-tools-for-stm32.13.3.rel1.win32_1.0.0.202411081344/tools/bin/../lib/gcc/arm-none-eabi/13.3.1/../../../../arm-none-eabi/lib/thumb/v7e-m+fp/hard\libc_nano.a(libc_a-init.o)
                0x080004b8                __libc_init_array
 *(.glue_7)
 .glue_7        0x08000500        0x0 linker stubs
 *(.glue_7t)
 .glue_7t       0x08000500        0x0 linker stubs
 *(.eh_frame)
 .eh_frame      0x08000500        0x0 E:/STM32CubeIDE_1.18.0/STM32CubeIDE/plugins/com.st.stm32cube.ide.mcu.externaltools.gnu-tools-for-stm32.13.3.rel1.win32_1.0.0.202411081344/tools/bin/../lib/gcc/arm-none-eabi/13.3.1/thumb/v7e-m+fp/hard/crtbegin.o
 *(.init)
 .init          0x08000500        0x4 E:/STM32CubeIDE_1.18.0/STM32CubeIDE/plugins/com.st.stm32cube.ide.mcu.externaltools.gnu-tools-for-stm32.13.3.rel1.win32_1.0.0.202411081344/tools/bin/../lib/gcc/arm-none-eabi/13.3.1/thumb/v7e-m+fp/hard/crti.o
                0x08000500                _init
 .init          0x08000504        0x8 E:/STM32CubeIDE_1.18.0/STM32CubeIDE/plugins/com.st.stm32cube.ide.mcu.externaltools.gnu-tools-for-stm32.13.3.rel1.win32_1.0.0.202411081344/tools/bin/../lib/gcc/arm-none-eabi/13.3.1/thumb/v7e-m+fp/hard/crtn.o
 *(.fini)
 .fini          0x0800050c        0x4 E:/STM32CubeIDE_1.18.0/STM32CubeIDE/plugins/com.st.stm32cube.ide.mcu.externaltools.gnu-tools-for-stm32.13.3.rel1.win32_1.0.0.202411081344/tools/bin/../lib/gcc/arm-none-eabi/13.3.1/thumb/v7e-m+fp/hard/crti.o
                0x0800050c                _fini
 .fini          0x08000510        0x8 E:/STM32CubeIDE_1.18.0/STM32CubeIDE/plugins/com.st.stm32cube.ide.mcu.externaltools.gnu-tools-for-stm32.13.3.rel1.win32_1.0.0.202411081344/tools/bin/../lib/gcc/arm-none-eabi/13.3.1/thumb/v7e-m+fp/hard/crtn.o
                0x08000518                        . = ALIGN (0x4)
                0x08000518                        _etext = .

.vfp11_veneer   0x08000518        0x0
 .vfp11_veneer  0x08000518        0x0 linker stubs

.v4_bx          0x08000518        0x0
 .v4_bx         0x08000518        0x0 linker stubs

.iplt           0x08000518        0x0
 .iplt          0x08000518        0x0 E:/STM32CubeIDE_1.18.0/STM32CubeIDE/plugins/com.st.stm32cube.ide.mcu.externaltools.gnu-tools-for-stm32.13.3.rel1.win32_1.0.0.202411081344/tools/bin/../lib/gcc/arm-none-eabi/13.3.1/thumb/v7e-m+fp/hard/crtbegin.o

.rodata         0x08000518       0x5c
                0x08000518                        . = ALIGN (0x4)
 *(.rodata)
 .rodata        0x08000518       0x5c ./Src/serial.o
 *(.rodata*)
                0x08000574                        . = ALIGN (0x4)

.ARM.extab      0x08000574        0x0
                0x08000574                        . = ALIGN (0x4)
 *(.ARM.extab* .gnu.linkonce.armextab.*)
                0x08000574                        . = ALIGN (0x4)

.ARM            0x08000574        0x0
                0x08000574                        . = ALIGN (0x4)
                0x08000574                        __exidx_start = .
 *(.ARM.exidx*)
                0x08000574                        __exidx_end = .
                0x08000574                        . = ALIGN (0x4)

.preinit_array  0x08000574        0x0
                0x08000574                        . = ALIGN (0x4)
                0x08000574                        PROVIDE (__preinit_array_start = .)
 *(.preinit_array*)
                0x08000574                        PROVIDE (__preinit_array_end = .)
                0x08000574                        . = ALIGN (0x4)

.init_array     0x08000574        0x4
                0x08000574                        . = ALIGN (0x4)
                0x08000574                        PROVIDE (__init_array_start = .)
 *(SORT_BY_NAME(.init_array.*))
 *(.init_array*)
 .init_array    0x08000574        0x4 E:/STM32CubeIDE_1.18.0/STM32CubeIDE/plugins/com.st.stm32cube.ide.mcu.externaltools.gnu-tools-for-stm32.13.3.rel1.win32_1.0.0.202411081344/tools/bin/../lib/gcc/arm-none-eabi/13.3.1/thumb/v7e-m+fp/hard/crtbegin.o
                0x08000578                        PROVIDE (__init_array_end = .)
                0x08000578                        . = ALIGN (0x4)

.fini_array     0x08000578        0x4
                0x08000578                        . = ALIGN (0x4)
                [!provide]                        PROVIDE (__fini_array_start = .)
 *(SORT_BY_NAME(.fini_array.*))
 *(.fini_array*)
 .fini_array    0x08000578        0x4 E:/STM32CubeIDE_1.18.0/STM32CubeIDE/plugins/com.st.stm32cube.ide.mcu.externaltools.gnu-tools-for-stm32.13.3.rel1.win32_1.0.0.202411081344/tools/bin/../lib/gcc/arm-none-eabi/13.3.1/thumb/v7e-m+fp/hard/crtbegin.o
                [!provide]                        PROVIDE (__fini_array_end = .)
                0x0800057c                        . = ALIGN (0x4)
                0x0800057c                        _sidata = LOADADDR (.data)

.rel.dyn        0x0800057c        0x0
 .rel.iplt      0x0800057c        0x0 E:/STM32CubeIDE_1.18.0/STM32CubeIDE/plugins/com.st.stm32cube.ide.mcu.externaltools.gnu-tools-for-stm32.13.3.rel1.win32_1.0.0.202411081344/tools/bin/../lib/gcc/arm-none-eabi/13.3.1/thumb/v7e-m+fp/hard/crtbegin.o

.data           0x20000000       0x2c load address 0x0800057c
                0x20000000                        . = ALIGN (0x4)
                0x20000000                        _sdata = .
 *(.data)
 *(.data*)
 .data.term_char
                0x20000000        0x1 ./Src/serial.o
 *fill*         0x20000001        0x3 
 .data.USART1_PORT
                0x20000004       0x28 ./Src/serial.o
                0x20000004                USART1_PORT
 *(.RamFunc)
 *(.RamFunc*)
                0x2000002c                        . = ALIGN (0x4)
                0x2000002c                        _edata = .
                0x080005a8                        _siccmram = LOADADDR (.ccmram)

.igot.plt       0x2000002c        0x0 load address 0x080005a8
 .igot.plt      0x2000002c        0x0 E:/STM32CubeIDE_1.18.0/STM32CubeIDE/plugins/com.st.stm32cube.ide.mcu.externaltools.gnu-tools-for-stm32.13.3.rel1.win32_1.0.0.202411081344/tools/bin/../lib/gcc/arm-none-eabi/13.3.1/thumb/v7e-m+fp/hard/crtbegin.o

.ccmram         0x10000000        0x0 load address 0x080005a8
                0x10000000                        . = ALIGN (0x4)
                0x10000000                        _sccmram = .
 *(.ccmram)
 *(.ccmram*)
                0x10000000                        . = ALIGN (0x4)
                0x10000000                        _eccmram = .
                0x10000000                        . = ALIGN (0x4)

.bss            0x2000002c      0x40c
                0x2000002c                        _sbss = .
                0x2000002c                        __bss_start__ = _sbss
 *(.bss)
 .bss           0x2000002c       0x1c E:/STM32CubeIDE_1.18.0/STM32CubeIDE/plugins/com.st.stm32cube.ide.mcu.externaltools.gnu-tools-for-stm32.13.3.rel1.win32_1.0.0.202411081344/tools/bin/../lib/gcc/arm-none-eabi/13.3.1/thumb/v7e-m+fp/hard/crtbegin.o
 *(.bss*)
 .bss.rx_buffer
                0x20000048      0x3e8 ./Src/serial.o
 .bss.rx_index  0x20000430        0x1 ./Src/serial.o
 *fill*         0x20000431        0x3 
 .bss.prompt_shown.0
                0x20000434        0x4 ./Src/serial.o
 *(COMMON)
                0x20000438                        . = ALIGN (0x4)
                0x20000438                        _ebss = .
                0x20000438                        __bss_end__ = _ebss

._user_heap_stack
                0x20000438      0x600
                0x20000438                        . = ALIGN (0x8)
                [!provide]                        PROVIDE (end = .)
                0x20000438                        PROVIDE (_end = .)
                0x20000638                        . = (. + _Min_Heap_Size)
 *fill*         0x20000438      0x200 
                0x20000a38                        . = (. + _Min_Stack_Size)
 *fill*         0x20000638      0x400 
                0x20000a38                        . = ALIGN (0x8)

/DISCARD/
 libc.a(*)
 libm.a(*)
 libgcc.a(*)

.ARM.attributes
                0x00000000       0x30
 *(.ARM.attributes)
 .ARM.attributes
                0x00000000       0x22 E:/STM32CubeIDE_1.18.0/STM32CubeIDE/plugins/com.st.stm32cube.ide.mcu.externaltools.gnu-tools-for-stm32.13.3.rel1.win32_1.0.0.202411081344/tools/bin/../lib/gcc/arm-none-eabi/13.3.1/thumb/v7e-m+fp/hard/crti.o
 .ARM.attributes
                0x00000022       0x34 E:/STM32CubeIDE_1.18.0/STM32CubeIDE/plugins/com.st.stm32cube.ide.mcu.externaltools.gnu-tools-for-stm32.13.3.rel1.win32_1.0.0.202411081344/tools/bin/../lib/gcc/arm-none-eabi/13.3.1/thumb/v7e-m+fp/hard/crtbegin.o
 .ARM.attributes
                0x00000056       0x34 ./Src/main.o
 .ARM.attributes
                0x0000008a       0x34 ./Src/serial.o
 .ARM.attributes
                0x000000be       0x21 ./Startup/startup_stm32f303vctx.o
 .ARM.attributes
                0x000000df       0x34 E:/STM32CubeIDE_1.18.0/STM32CubeIDE/plugins/com.st.stm32cube.ide.mcu.externaltools.gnu-tools-for-stm32.13.3.rel1.win32_1.0.0.202411081344/tools/bin/../lib/gcc/arm-none-eabi/13.3.1/../../../../arm-none-eabi/lib/thumb/v7e-m+fp/hard\libc_nano.a(libc_a-init.o)
 .ARM.attributes
                0x00000113       0x22 E:/STM32CubeIDE_1.18.0/STM32CubeIDE/plugins/com.st.stm32cube.ide.mcu.externaltools.gnu-tools-for-stm32.13.3.rel1.win32_1.0.0.202411081344/tools/bin/../lib/gcc/arm-none-eabi/13.3.1/thumb/v7e-m+fp/hard/crtn.o
OUTPUT(2025 C LAB EXE2 AF.elf elf32-littlearm)
LOAD linker stubs
LOAD E:/STM32CubeIDE_1.18.0/STM32CubeIDE/plugins/com.st.stm32cube.ide.mcu.externaltools.gnu-tools-for-stm32.13.3.rel1.win32_1.0.0.202411081344/tools/bin/../lib/gcc/arm-none-eabi/13.3.1/../../../../arm-none-eabi/lib/thumb/v7e-m+fp/hard\libc.a
LOAD E:/STM32CubeIDE_1.18.0/STM32CubeIDE/plugins/com.st.stm32cube.ide.mcu.externaltools.gnu-tools-for-stm32.13.3.rel1.win32_1.0.0.202411081344/tools/bin/../lib/gcc/arm-none-eabi/13.3.1/../../../../arm-none-eabi/lib/thumb/v7e-m+fp/hard\libm.a
LOAD E:/STM32CubeIDE_1.18.0/STM32CubeIDE/plugins/com.st.stm32cube.ide.mcu.externaltools.gnu-tools-for-stm32.13.3.rel1.win32_1.0.0.202411081344/tools/bin/../lib/gcc/arm-none-eabi/13.3.1/thumb/v7e-m+fp/hard\libgcc.a

.debug_info     0x00000000      0x724
 .debug_info    0x00000000      0x178 ./Src/main.o
 .debug_info    0x00000178      0x57c ./Src/serial.o
 .debug_info    0x000006f4       0x30 ./Startup/startup_stm32f303vctx.o

.debug_abbrev   0x00000000      0x2b4
 .debug_abbrev  0x00000000       0xe9 ./Src/main.o
 .debug_abbrev  0x000000e9      0x1a7 ./Src/serial.o
 .debug_abbrev  0x00000290       0x24 ./Startup/startup_stm32f303vctx.o

.debug_aranges  0x00000000       0x98
 .debug_aranges
                0x00000000       0x28 ./Src/main.o
 .debug_aranges
                0x00000028       0x48 ./Src/serial.o
 .debug_aranges
                0x00000070       0x28 ./Startup/startup_stm32f303vctx.o

.debug_rnglists
                0x00000000       0x65
 .debug_rnglists
                0x00000000       0x19 ./Src/main.o
 .debug_rnglists
                0x00000019       0x33 ./Src/serial.o
 .debug_rnglists
                0x0000004c       0x19 ./Startup/startup_stm32f303vctx.o

.debug_macro    0x00000000    0x15c92
 .debug_macro   0x00000000      0x1ae ./Src/main.o
 .debug_macro   0x000001ae      0xae4 ./Src/main.o
 .debug_macro   0x00000c92       0x22 ./Src/main.o
 .debug_macro   0x00000cb4       0x8e ./Src/main.o
 .debug_macro   0x00000d42       0x51 ./Src/main.o
 .debug_macro   0x00000d93      0x103 ./Src/main.o
 .debug_macro   0x00000e96       0x6a ./Src/main.o
 .debug_macro   0x00000f00      0x1df ./Src/main.o
 .debug_macro   0x000010df       0x61 ./Src/main.o
 .debug_macro   0x00001140       0x2a ./Src/main.o
 .debug_macro   0x0000116a       0x43 ./Src/main.o
 .debug_macro   0x000011ad       0x34 ./Src/main.o
 .debug_macro   0x000011e1       0x16 ./Src/main.o
 .debug_macro   0x000011f7       0x9e ./Src/main.o
 .debug_macro   0x00001295      0x370 ./Src/main.o
 .debug_macro   0x00001605      0x112 ./Src/main.o
 .debug_macro   0x00001717       0x10 ./Src/main.o
 .debug_macro   0x00001727       0x16 ./Src/main.o
 .debug_macro   0x0000173d       0x4a ./Src/main.o
 .debug_macro   0x00001787       0x34 ./Src/main.o
 .debug_macro   0x000017bb       0x10 ./Src/main.o
 .debug_macro   0x000017cb       0x58 ./Src/main.o
 .debug_macro   0x00001823       0x8e ./Src/main.o
 .debug_macro   0x000018b1       0x1c ./Src/main.o
 .debug_macro   0x000018cd      0x185 ./Src/main.o
 .debug_macro   0x00001a52       0x16 ./Src/main.o
 .debug_macro   0x00001a68       0x16 ./Src/main.o
 .debug_macro   0x00001a7e      0x146 ./Src/main.o
 .debug_macro   0x00001bc4       0x16 ./Src/main.o
 .debug_macro   0x00001bda       0x3c ./Src/main.o
 .debug_macro   0x00001c16       0x16 ./Src/main.o
 .debug_macro   0x00001c2c       0x29 ./Src/main.o
 .debug_macro   0x00001c55       0x16 ./Src/main.o
 .debug_macro   0x00001c6b       0x20 ./Src/main.o
 .debug_macro   0x00001c8b      0x1a2 ./Src/serial.o
 .debug_macro   0x00001e2d       0x28 ./Src/serial.o
 .debug_macro   0x00001e55       0x1c ./Src/serial.o
 .debug_macro   0x00001e71       0x22 ./Src/serial.o
 .debug_macro   0x00001e93       0xd9 ./Src/serial.o
 .debug_macro   0x00001f6c     0x102d ./Src/serial.o
 .debug_macro   0x00002f99      0x11f ./Src/serial.o
 .debug_macro   0x000030b8    0x12a3a ./Src/serial.o
 .debug_macro   0x00015af2      0x190 ./Src/serial.o
 .debug_macro   0x00015c82       0x10 ./Src/serial.o

.debug_line     0x00000000      0xdb5
 .debug_line    0x00000000      0x5d3 ./Src/main.o
 .debug_line    0x000005d3      0x767 ./Src/serial.o
 .debug_line    0x00000d3a       0x7b ./Startup/startup_stm32f303vctx.o

.debug_str      0x00000000    0x7602e
 .debug_str     0x00000000    0x7602e ./Src/main.o
                               0x7ae4 (size before relaxing)
 .debug_str     0x0007602e    0x75afb ./Src/serial.o
 .debug_str     0x0007602e       0x6f ./Startup/startup_stm32f303vctx.o

.comment        0x00000000       0x43
 .comment       0x00000000       0x43 ./Src/main.o
                                 0x44 (size before relaxing)
 .comment       0x00000043       0x44 ./Src/serial.o

.debug_frame    0x00000000      0x174
 .debug_frame   0x00000000       0x54 ./Src/main.o
 .debug_frame   0x00000054       0xf4 ./Src/serial.o
 .debug_frame   0x00000148       0x2c E:/STM32CubeIDE_1.18.0/STM32CubeIDE/plugins/com.st.stm32cube.ide.mcu.externaltools.gnu-tools-for-stm32.13.3.rel1.win32_1.0.0.202411081344/tools/bin/../lib/gcc/arm-none-eabi/13.3.1/../../../../arm-none-eabi/lib/thumb/v7e-m+fp/hard\libc_nano.a(libc_a-init.o)

.debug_line_str
                0x00000000       0x53
 .debug_line_str
                0x00000000       0x53 ./Startup/startup_stm32f303vctx.o
