Archive member included to satisfy reference by file (symbol)

/Applications/STM32CubeIDE.app/Contents/Eclipse/plugins/com.st.stm32cube.ide.mcu.externaltools.gnu-tools-for-stm32.13.3.rel1.macos64_1.0.0.202411102158/tools/bin/../lib/gcc/arm-none-eabi/13.3.1/../../../../arm-none-eabi/lib/thumb/v7e-m+fp/hard/libc_nano.a(libc_a-exit.o)
                              /Applications/STM32CubeIDE.app/Contents/Eclipse/plugins/com.st.stm32cube.ide.mcu.externaltools.gnu-tools-for-stm32.13.3.rel1.macos64_1.0.0.202411102158/tools/bin/../lib/gcc/arm-none-eabi/13.3.1/../../../../arm-none-eabi/lib/thumb/v7e-m+fp/hard/crt0.o (exit)
/Applications/STM32CubeIDE.app/Contents/Eclipse/plugins/com.st.stm32cube.ide.mcu.externaltools.gnu-tools-for-stm32.13.3.rel1.macos64_1.0.0.202411102158/tools/bin/../lib/gcc/arm-none-eabi/13.3.1/../../../../arm-none-eabi/lib/thumb/v7e-m+fp/hard/libc_nano.a(libc_a-findfp.o)
                              /Applications/STM32CubeIDE.app/Contents/Eclipse/plugins/com.st.stm32cube.ide.mcu.externaltools.gnu-tools-for-stm32.13.3.rel1.macos64_1.0.0.202411102158/tools/bin/../lib/gcc/arm-none-eabi/13.3.1/../../../../arm-none-eabi/lib/thumb/v7e-m+fp/hard/libc_nano.a(libc_a-exit.o) (__stdio_exit_handler)
/Applications/STM32CubeIDE.app/Contents/Eclipse/plugins/com.st.stm32cube.ide.mcu.externaltools.gnu-tools-for-stm32.13.3.rel1.macos64_1.0.0.202411102158/tools/bin/../lib/gcc/arm-none-eabi/13.3.1/../../../../arm-none-eabi/lib/thumb/v7e-m+fp/hard/libc_nano.a(libc_a-fwalk.o)
                              /Applications/STM32CubeIDE.app/Contents/Eclipse/plugins/com.st.stm32cube.ide.mcu.externaltools.gnu-tools-for-stm32.13.3.rel1.macos64_1.0.0.202411102158/tools/bin/../lib/gcc/arm-none-eabi/13.3.1/../../../../arm-none-eabi/lib/thumb/v7e-m+fp/hard/libc_nano.a(libc_a-findfp.o) (_fwalk_sglue)
/Applications/STM32CubeIDE.app/Contents/Eclipse/plugins/com.st.stm32cube.ide.mcu.externaltools.gnu-tools-for-stm32.13.3.rel1.macos64_1.0.0.202411102158/tools/bin/../lib/gcc/arm-none-eabi/13.3.1/../../../../arm-none-eabi/lib/thumb/v7e-m+fp/hard/libc_nano.a(libc_a-memset.o)
                              /Applications/STM32CubeIDE.app/Contents/Eclipse/plugins/com.st.stm32cube.ide.mcu.externaltools.gnu-tools-for-stm32.13.3.rel1.macos64_1.0.0.202411102158/tools/bin/../lib/gcc/arm-none-eabi/13.3.1/../../../../arm-none-eabi/lib/thumb/v7e-m+fp/hard/crt0.o (memset)
/Applications/STM32CubeIDE.app/Contents/Eclipse/plugins/com.st.stm32cube.ide.mcu.externaltools.gnu-tools-for-stm32.13.3.rel1.macos64_1.0.0.202411102158/tools/bin/../lib/gcc/arm-none-eabi/13.3.1/../../../../arm-none-eabi/lib/thumb/v7e-m+fp/hard/libc_nano.a(libc_a-errno.o)
                              ./Src/syscalls.o (__errno)
/Applications/STM32CubeIDE.app/Contents/Eclipse/plugins/com.st.stm32cube.ide.mcu.externaltools.gnu-tools-for-stm32.13.3.rel1.macos64_1.0.0.202411102158/tools/bin/../lib/gcc/arm-none-eabi/13.3.1/../../../../arm-none-eabi/lib/thumb/v7e-m+fp/hard/libc_nano.a(libc_a-init.o)
                              /Applications/STM32CubeIDE.app/Contents/Eclipse/plugins/com.st.stm32cube.ide.mcu.externaltools.gnu-tools-for-stm32.13.3.rel1.macos64_1.0.0.202411102158/tools/bin/../lib/gcc/arm-none-eabi/13.3.1/../../../../arm-none-eabi/lib/thumb/v7e-m+fp/hard/crt0.o (__libc_init_array)
/Applications/STM32CubeIDE.app/Contents/Eclipse/plugins/com.st.stm32cube.ide.mcu.externaltools.gnu-tools-for-stm32.13.3.rel1.macos64_1.0.0.202411102158/tools/bin/../lib/gcc/arm-none-eabi/13.3.1/../../../../arm-none-eabi/lib/thumb/v7e-m+fp/hard/libc_nano.a(libc_a-lock.o)
                              /Applications/STM32CubeIDE.app/Contents/Eclipse/plugins/com.st.stm32cube.ide.mcu.externaltools.gnu-tools-for-stm32.13.3.rel1.macos64_1.0.0.202411102158/tools/bin/../lib/gcc/arm-none-eabi/13.3.1/../../../../arm-none-eabi/lib/thumb/v7e-m+fp/hard/libc_nano.a(libc_a-findfp.o) (__retarget_lock_init_recursive)
/Applications/STM32CubeIDE.app/Contents/Eclipse/plugins/com.st.stm32cube.ide.mcu.externaltools.gnu-tools-for-stm32.13.3.rel1.macos64_1.0.0.202411102158/tools/bin/../lib/gcc/arm-none-eabi/13.3.1/../../../../arm-none-eabi/lib/thumb/v7e-m+fp/hard/libc_nano.a(libc_a-impure.o)
                              /Applications/STM32CubeIDE.app/Contents/Eclipse/plugins/com.st.stm32cube.ide.mcu.externaltools.gnu-tools-for-stm32.13.3.rel1.macos64_1.0.0.202411102158/tools/bin/../lib/gcc/arm-none-eabi/13.3.1/../../../../arm-none-eabi/lib/thumb/v7e-m+fp/hard/libc_nano.a(libc_a-errno.o) (_impure_ptr)
/Applications/STM32CubeIDE.app/Contents/Eclipse/plugins/com.st.stm32cube.ide.mcu.externaltools.gnu-tools-for-stm32.13.3.rel1.macos64_1.0.0.202411102158/tools/bin/../lib/gcc/arm-none-eabi/13.3.1/../../../../arm-none-eabi/lib/thumb/v7e-m+fp/hard/libc_nano.a(libc_a-mallocr.o)
[...]
Memory Configuration

Name             Origin             Length             Attributes
CCMRAM           0x10000000         0x00002000         xrw
RAM              0x20000000         0x0000a000         xrw
FLASH            0x08000000         0x00040000         xr
*default*        0x00000000         0xffffffff

Linker script and memory map

LOAD /Applications/STM32CubeIDE.app/Contents/Eclipse/plugins/com.st.stm32cube.ide.mcu.externaltools.gnu-tools-for-stm32.13.3.rel1.macos64_1.0.0.202411102158/tools/bin/../lib/gcc/arm-none-eabi/13.3.1/thumb/v7e-m+fp/hard/crti.o
LOAD /Applications/STM32CubeIDE.app/Contents/Eclipse/plugins/com.st.stm32cube.ide.mcu.externaltools.gnu-tools-for-stm32.13.3.rel1.macos64_1.0.0.202411102158/tools/bin/../lib/gcc/arm-none-eabi/13.3.1/thumb/v7e-m+fp/hard/crtbegin.o
LOAD /Applications/STM32CubeIDE.app/Contents/Eclipse/plugins/com.st.stm32cube.ide.mcu.externaltools.gnu-tools-for-stm32.13.3.rel1.macos64_1.0.0.202411102158/tools/bin/../lib/gcc/arm-none-eabi/13.3.1/../../../../arm-none-eabi/lib/thumb/v7e-m+fp/hard/crt0.o
LOAD ./Src/button.o
LOAD ./Src/led.o
LOAD ./Src/main.o
LOAD ./Src/syscalls.o
LOAD ./Src/sysmem.o
LOAD ./Src/timer.o
LOAD ./Startup/startup_stm32f303vctx.o
START GROUP
LOAD /Applications/STM32CubeIDE.app/Contents/Eclipse/plugins/com.st.stm32cube.ide.mcu.externaltools.gnu-tools-for-stm32.13.3.rel1.macos64_1.0.0.202411102158/tools/bin/../lib/gcc/arm-none-eabi/13.3.1/../../../../arm-none-eabi/lib/thumb/v7e-m+fp/hard/libc_nano.a
LOAD /Applications/STM32CubeIDE.app/Contents/Eclipse/plugins/com.st.stm32cube.ide.mcu.externaltools.gnu-tools-for-stm32.13.3.rel1.macos64_1.0.0.202411102158/tools/bin/../lib/gcc/arm-none-eabi/13.3.1/../../../../arm-none-eabi/lib/thumb/v7e-m+fp/hard/libm.a
END GROUP
START GROUP
LOAD /Applications/STM32CubeIDE.app/Contents/Eclipse/plugins/com.st.stm32cube.ide.mcu.externaltools.gnu-tools-for-stm32.13.3.rel1.macos64_1.0.0.202411102158/tools/bin/../lib/gcc/arm-none-eabi/13.3.1/thumb/v7e-m+fp/hard/libgcc.a
LOAD /Applications/STM32CubeIDE.app/Contents/Eclipse/plugins/com.st.stm32cube.ide.mcu.externaltools.gnu-tools-for-stm32.13.3.rel1.macos64_1.0.0.202411102158/tools/bin/../lib/gcc/arm-none-eabi/13.3.1/../../../../arm-none-eabi/lib/thumb/v7e-m+fp/hard/libc_nano.a
END GROUP
START GROUP
LOAD /Applications/STM32CubeIDE.app/Contents/Eclipse/plugins/com.st.stm32cube.ide.mcu.externaltools.gnu-tools-for-stm32.13.3.rel1.macos64_1.0.0.202411102158/tools/bin/../lib/gcc/arm-none-eabi/13.3.1/thumb/v7e-m+fp/hard/libgcc.a
LOAD /Applications/STM32CubeIDE.app/Contents/Eclipse/plugins/com.st.stm32cube.ide.mcu.externaltools.gnu-tools-for-stm32.13.3.rel1.macos64_1.0.0.202411102158/tools/bin/../lib/gcc/arm-none-eabi/13.3.1/../../../../arm-none-eabi/lib/thumb/v7e-m+fp/hard/libc_nano.a
LOAD /Applications/STM32CubeIDE.app/Contents/Eclipse/plugins/com.st.stm32cube.ide.mcu.externaltools.gnu-tools-for-stm32.13.3.rel1.macos64_1.0.0.202411102158/tools/bin/../lib/gcc/arm-none-eabi/13.3.1/../../../../arm-none-eabi/lib/thumb/v7e-m+fp/hard/libnosys.a
END GROUP
START GROUP
LOAD /Applications/STM32CubeIDE.app/Contents/Eclipse/plugins/com.st.stm32cube.ide.mcu.externaltools.gnu-tools-for-stm32.13.3.rel1.macos64_1.0.0.202411102158/tools/bin/../lib/gcc/arm-none-eabi/13.3.1/thumb/v7e-m+fp/hard/libgcc.a
LOAD /Applications/STM32CubeIDE.app/Contents/Eclipse/plugins/com.st.stm32cube.ide.mcu.externaltools.gnu-tools-for-stm32.13.3.rel1.macos64_1.0.0.202411102158/tools/bin/../lib/gcc/arm-none-eabi/13.3.1/../../../../arm-none-eabi/lib/thumb/v7e-m+fp/hard/libc_nano.a
LOAD /Applications/STM32CubeIDE.app/Contents/Eclipse/plugins/com.st.stm32cube.ide.mcu.externaltools.gnu-tools-for-stm32.13.3.rel1.macos64_1.0.0.202411102158/tools/bin/../lib/gcc/arm-none-eabi/13.3.1/../../../../arm-none-eabi/lib/thumb/v7e-m+fp/hard/libnosys.a
END GROUP
LOAD /Applications/STM32CubeIDE.app/Contents/Eclipse/plugins/com.st.stm32cube.ide.mcu.externaltools.gnu-tools-for-stm32.13.3.rel1.macos64_1.0.0.202411102158/tools/bin/../lib/gcc/arm-none-eabi/13.3.1/thumb/v7e-m+fp/hard/crtend.o
LOAD /Applications/STM32CubeIDE.app/Contents/Eclipse/plugins/com.st.stm32cube.ide.mcu.externaltools.gnu-tools-for-stm32.13.3.rel1.macos64_1.0.0.202411102158/tools/bin/../lib/gcc/arm-none-eabi/13.3.1/thumb/v7e-m+fp/hard/crtn.o
                0x2000a000                        _estack = (ORIGIN (RAM) + LENGTH (RAM))
                0x00000200                        _Min_Heap_Size = 0x200
                0x00000400                        _Min_Stack_Size = 0x400

.isr_vector     0x08000000      0x194
                0x08000000                        . = ALIGN (0x4)
 *(.isr_vector)
 .isr_vector    0x08000000      0x194 ./Startup/startup_stm32f303vctx.o
                0x08000000                g_pfnVectors
                0x08000194                        . = ALIGN (0x4)

.text           0x08000194      0x4c0
                0x08000194                        . = ALIGN (0x4)
 *(.text)
 .text          0x08000194       0x40 /Applications/STM32CubeIDE.app/Contents/Eclipse/plugins/com.st.stm32cube.ide.mcu.externaltools.gnu-tools-for-stm32.13.3.rel1.macos64_1.0.0.202411102158/tools/bin/../lib/gcc/arm-none-eabi/13.3.1/thumb/v7e-m+fp/hard/crtbegin.o
 *(.text*)
 .text.__NVIC_EnableIRQ
                0x080001d4       0x3c ./Src/button.o
 .text.__NVIC_SetPriority
                0x08000210       0x54 ./Src/button.o
 .text.EXTI0_IRQHandler
                0x08000264       0x2c ./Src/button.o
                0x08000264                EXTI0_IRQHandler
 .text.button_init
                0x08000290       0x70 ./Src/button.o
                0x08000290                button_init
 .text.led_init
                0x08000300       0x68 ./Src/led.o
                0x08000300                led_init
 .text.led_set  0x08000368       0x4c ./Src/led.o
                0x08000368                led_set
 .text.led_get  0x080003b4       0x18 ./Src/led.o
                0x080003b4                led_get
 .text.chase_led
                0x080003cc       0x38 ./Src/main.o
                0x080003cc                chase_led
 .text.main     0x08000404       0x20 ./Src/main.o
                0x08000404                main
 .text.__NVIC_EnableIRQ
                0x08000424       0x3c ./Src/timer.o
 .text.__NVIC_SetPriority
                0x08000460       0x54 ./Src/timer.o
 .text.timer_init
                0x080004b4       0x84 ./Src/timer.o
                0x080004b4                timer_init
 .text.TIM2_IRQHandler
                0x08000538       0x38 ./Src/timer.o
                0x08000538                TIM2_IRQHandler
 .text.timer_check_flag
                0x08000570       0x18 ./Src/timer.o
                0x08000570                timer_check_flag
 .text.timer_clear_flag
                0x08000588       0x18 ./Src/timer.o
                0x08000588                timer_clear_flag
 .text.Reset_Handler
                0x080005a0       0x50 ./Startup/startup_stm32f303vctx.o
                0x080005a0                Reset_Handler
 .text.Default_Handler
                0x080005f0        0x2 ./Startup/startup_stm32f303vctx.o
                0x080005f0                TIM1_BRK_TIM15_IRQHandler
                0x080005f0                TIM8_CC_IRQHandler
                0x080005f0                DebugMon_Handler
                0x080005f0                DMA1_CH4_IRQHandler
                0x080005f0                SPI4_IRQHandler
                0x080005f0                TIM1_CC_IRQHandler
                0x080005f0                HardFault_Handler
                0x080005f0                USB_HP_IRQHandler
                0x080005f0                I2C2_EV_EXTI24_IRQHandler
                0x080005f0                SysTick_Handler
                0x080005f0                USB_WKUP_EXTI_IRQHandler
                0x080005f0                PVD_IRQHandler
                0x080005f0                UART4_EXTI34_IRQHandler
                0x080005f0                TAMP_STAMP_IRQHandler
                0x080005f0                PendSV_Handler
                0x080005f0                NMI_Handler
                0x080005f0                EXTI3_IRQHandler
                0x080005f0                I2C3_ER_IRQHandler
                0x080005f0                TIM6_DACUNDER_IRQHandler
                0x080005f0                USB_HP_CAN_TX_IRQHandler
                0x080005f0                DMA2_CH1_IRQHandler
                0x080005f0                TIM1_UP_TIM16_IRQHandler
                0x080005f0                UsageFault_Handler
                0x080005f0                ADC1_2_IRQHandler
                0x080005f0                SPI1_IRQHandler
                0x080005f0                CAN_SCE_IRQHandler
                0x080005f0                DMA1_CH7_IRQHandler
                0x080005f0                TIM8_UP_IRQHandler
                0x080005f0                COMP456_IRQHandler
                0x080005f0                DMA1_CH6_IRQHandler
                0x080005f0                TIM20_TRG_COM_IRQHandler
                0x080005f0                ADC3_IRQHandler
                0x080005f0                TIM4_IRQHandler
                0x080005f0                CAN_RX1_IRQHandler
                0x080005f0                USART1_EXTI25_IRQHandler
                0x080005f0                DMA2_CH5_IRQHandler
                0x080005f0                I2C1_EV_EXTI23_IRQHandler
                0x080005f0                DMA1_CH3_IRQHandler
                0x080005f0                TIM3_IRQHandler
                0x080005f0                RCC_IRQHandler
                0x080005f0                TIM20_UP_IRQHandler
                0x080005f0                Default_Handler
                0x080005f0                EXTI15_10_IRQHandler
                0x080005f0                USART2_EXTI26_IRQHandler
                0x080005f0                USART3_EXTI28_IRQHandler
                0x080005f0                TIM7_IRQHandler
                0x080005f0                I2C3_EV_IRQHandler
                0x080005f0                EXTI9_5_IRQHandler
                0x080005f0                DMA1_CH2_IRQHandler
                0x080005f0                RTC_WKUP_IRQHandler
                0x080005f0                SPI2_IRQHandler
                0x080005f0                DMA1_CH1_IRQHandler
                0x080005f0                USB_LP_CAN_RX0_IRQHandler
                0x080005f0                MemManage_Handler
                0x080005f0                COMP123_IRQHandler
                0x080005f0                SVC_Handler
                0x080005f0                USB_LP_IRQHandler
                0x080005f0                EXTI4_IRQHandler
                0x080005f0                TIM1_TRG_COM_TIM17_IRQHandler
                0x080005f0                ADC4_IRQHandler
                0x080005f0                WWDG_IRQHandler
                0x080005f0                COMP7_IRQHandler
                0x080005f0                EXTI1_IRQHandler
                0x080005f0                RTCAlarm_IRQHandler
                0x080005f0                UART5_EXTI35_IRQHandler
                0x080005f0                TIM20_BRK_IRQHandler
                0x080005f0                I2C2_ER_IRQHandler
                0x080005f0                TIM8_BRK_IRQHandler
                0x080005f0                FLASH_IRQHandler
                0x080005f0                TIM20_CC_IRQHandler
                0x080005f0                BusFault_Handler
                0x080005f0                SPI3_IRQHandler
                0x080005f0                DMA2_CH3_IRQHandler
                0x080005f0                DMA2_CH2_IRQHandler
                0x080005f0                I2C1_ER_IRQHandler
                0x080005f0                FMC_IRQHandler
                0x080005f0                DMA1_CH5_IRQHandler
                0x080005f0                DMA2_CH4_IRQHandler
                0x080005f0                USB_WKUP_IRQHandler
                0x080005f0                EXTI2_TSC_IRQHandler
                0x080005f0                TIM8_TRG_COM_IRQHandler
 *fill*         0x080005f2        0x2 
 .text.__libc_init_array
                0x080005f4       0x48 /Applications/STM32CubeIDE.app/Contents/Eclipse/plugins/com.st.stm32cube.ide.mcu.externaltools.gnu-tools-for-stm32.13.3.rel1.macos64_1.0.0.202411102158/tools/bin/../lib/gcc/arm-none-eabi/13.3.1/../../../../arm-none-eabi/lib/thumb/v7e-m+fp/hard/libc_nano.a(libc_a-init.o)
                0x080005f4                __libc_init_array
 *(.glue_7)
 .glue_7        0x0800063c        0x0 linker stubs
 *(.glue_7t)
 .glue_7t       0x0800063c        0x0 linker stubs
 *(.eh_frame)
 .eh_frame      0x0800063c        0x0 /Applications/STM32CubeIDE.app/Contents/Eclipse/plugins/com.st.stm32cube.ide.mcu.externaltools.gnu-tools-for-stm32.13.3.rel1.macos64_1.0.0.202411102158/tools/bin/../lib/gcc/arm-none-eabi/13.3.1/thumb/v7e-m+fp/hard/crtbegin.o
 *(.init)
 .init          0x0800063c        0x4 /Applications/STM32CubeIDE.app/Contents/Eclipse/plugins/com.st.stm32cube.ide.mcu.externaltools.gnu-tools-for-stm32.13.3.rel1.macos64_1.0.0.202411102158/tools/bin/../lib/gcc/arm-none-eabi/13.3.1/thumb/v7e-m+fp/hard/crti.o
                0x0800063c                _init
 .init          0x08000640        0x8 /Applications/STM32CubeIDE.app/Contents/Eclipse/plugins/com.st.stm32cube.ide.mcu.externaltools.gnu-tools-for-stm32.13.3.rel1.macos64_1.0.0.202411102158/tools/bin/../lib/gcc/arm-none-eabi/13.3.1/thumb/v7e-m+fp/hard/crtn.o
 *(.fini)
 .fini          0x08000648        0x4 /Applications/STM32CubeIDE.app/Contents/Eclipse/plugins/com.st.stm32cube.ide.mcu.externaltools.gnu-tools-for-stm32.13.3.rel1.macos64_1.0.0.202411102158/tools/bin/../lib/gcc/arm-none-eabi/13.3.1/thumb/v7e-m+fp/hard/crti.o
                0x08000648                _fini
 .fini          0x0800064c        0x8 /Applications/STM32CubeIDE.app/Contents/Eclipse/plugins/com.st.stm32cube.ide.mcu.externaltools.gnu-tools-for-stm32.13.3.rel1.macos64_1.0.0.202411102158/tools/bin/../lib/gcc/arm-none-eabi/13.3.1/thumb/v7e-m+fp/hard/crtn.o
                0x08000654                        . = ALIGN (0x4)
                0x08000654                        _etext = .

.vfp11_veneer   0x08000654        0x0
 .vfp11_veneer  0x08000654        0x0 linker stubs

.v4_bx          0x08000654        0x0
 .v4_bx         0x08000654        0x0 linker stubs

.iplt           0x08000654        0x0
 .iplt          0x08000654        0x0 /Applications/STM32CubeIDE.app/Contents/Eclipse/plugins/com.st.stm32cube.ide.mcu.externaltools.gnu-tools-for-stm32.13.3.rel1.macos64_1.0.0.202411102158/tools/bin/../lib/gcc/arm-none-eabi/13.3.1/thumb/v7e-m+fp/hard/crtbegin.o

.rodata         0x08000654        0x0
                0x08000654                        . = ALIGN (0x4)
 *(.rodata)
 *(.rodata*)
                0x08000654                        . = ALIGN (0x4)

.ARM.extab      0x08000654        0x0
                0x08000654                        . = ALIGN (0x4)
 *(.ARM.extab* .gnu.linkonce.armextab.*)
                0x08000654                        . = ALIGN (0x4)

.ARM            0x08000654        0x0
                0x08000654                        . = ALIGN (0x4)
                0x08000654                        __exidx_start = .
 *(.ARM.exidx*)
                0x08000654                        __exidx_end = .
                0x08000654                        . = ALIGN (0x4)

.preinit_array  0x08000654        0x0
                0x08000654                        . = ALIGN (0x4)
                0x08000654                        PROVIDE (__preinit_array_start = .)
 *(.preinit_array*)
                0x08000654                        PROVIDE (__preinit_array_end = .)
                0x08000654                        . = ALIGN (0x4)

.init_array     0x08000654        0x4
                0x08000654                        . = ALIGN (0x4)
                0x08000654                        PROVIDE (__init_array_start = .)
 *(SORT_BY_NAME(.init_array.*))
 *(.init_array*)
 .init_array    0x08000654        0x4 /Applications/STM32CubeIDE.app/Contents/Eclipse/plugins/com.st.stm32cube.ide.mcu.externaltools.gnu-tools-for-stm32.13.3.rel1.macos64_1.0.0.202411102158/tools/bin/../lib/gcc/arm-none-eabi/13.3.1/thumb/v7e-m+fp/hard/crtbegin.o
                0x08000658                        PROVIDE (__init_array_end = .)
                0x08000658                        . = ALIGN (0x4)

.fini_array     0x08000658        0x4
                0x08000658                        . = ALIGN (0x4)
                [!provide]                        PROVIDE (__fini_array_start = .)
 *(SORT_BY_NAME(.fini_array.*))
 *(.fini_array*)
 .fini_array    0x08000658        0x4 /Applications/STM32CubeIDE.app/Contents/Eclipse/plugins/com.st.stm32cube.ide.mcu.externaltools.gnu-tools-for-stm32.13.3.rel1.macos64_1.0.0.202411102158/tools/bin/../lib/gcc/arm-none-eabi/13.3.1/thumb/v7e-m+fp/hard/crtbegin.o
                [!provide]                        PROVIDE (__fini_array_end = .)
                0x0800065c                        . = ALIGN (0x4)
                0x0800065c                        _sidata = LOADADDR (.data)

.rel.dyn        0x0800065c        0x0
 .rel.iplt      0x0800065c        0x0 /Applications/STM32CubeIDE.app/Contents/Eclipse/plugins/com.st.stm32cube.ide.mcu.externaltools.gnu-tools-for-stm32.13.3.rel1.macos64_1.0.0.202411102158/tools/bin/../lib/gcc/arm-none-eabi/13.3.1/thumb/v7e-m+fp/hard/crtbegin.o

.data           0x20000000        0x0 load address 0x0800065c
                0x20000000                        . = ALIGN (0x4)
                0x20000000                        _sdata = .
 *(.data)
 *(.data*)
 *(.RamFunc)
 *(.RamFunc*)
                0x20000000                        . = ALIGN (0x4)
                0x20000000                        _edata = .
                0x0800065c                        _siccmram = LOADADDR (.ccmram)

.igot.plt       0x20000000        0x0 load address 0x0800065c
 .igot.plt      0x20000000        0x0 /Applications/STM32CubeIDE.app/Contents/Eclipse/plugins/com.st.stm32cube.ide.mcu.externaltools.gnu-tools-for-stm32.13.3.rel1.macos64_1.0.0.202411102158/tools/bin/../lib/gcc/arm-none-eabi/13.3.1/thumb/v7e-m+fp/hard/crtbegin.o

.ccmram         0x10000000        0x0 load address 0x0800065c
                0x10000000                        . = ALIGN (0x4)
                0x10000000                        _sccmram = .
 *(.ccmram)
 *(.ccmram*)
                0x10000000                        . = ALIGN (0x4)
                0x10000000                        _eccmram = .
                0x10000000                        . = ALIGN (0x4)

.bss            0x20000000       0x24
                0x20000000                        _sbss = .
                0x20000000                        __bss_start__ = _sbss
 *(.bss)
 .bss           0x20000000       0x1c /Applications/STM32CubeIDE.app/Contents/Eclipse/plugins/com.st.stm32cube.ide.mcu.externaltools.gnu-tools-for-stm32.13.3.rel1.macos64_1.0.0.202411102158/tools/bin/../lib/gcc/arm-none-eabi/13.3.1/thumb/v7e-m+fp/hard/crtbegin.o
 *(.bss*)
 .bss.button_callback
                0x2000001c        0x4 ./Src/button.o
 .bss.led_state
                0x20000020        0x1 ./Src/led.o
 .bss.allow_led_update
                0x20000021        0x1 ./Src/timer.o
 *(COMMON)
                0x20000024                        . = ALIGN (0x4)
 *fill*         0x20000022        0x2 
                0x20000024                        _ebss = .
                0x20000024                        __bss_end__ = _ebss

._user_heap_stack
                0x20000024      0x604
                0x20000028                        . = ALIGN (0x8)
 *fill*         0x20000024        0x4 
                [!provide]                        PROVIDE (end = .)
                0x20000028                        PROVIDE (_end = .)
                0x20000228                        . = (. + _Min_Heap_Size)
 *fill*         0x20000028      0x200 
                0x20000628                        . = (. + _Min_Stack_Size)
 *fill*         0x20000228      0x400 
                0x20000628                        . = ALIGN (0x8)

/DISCARD/
 libc.a(*)
 libm.a(*)
 libgcc.a(*)

.ARM.attributes
                0x00000000       0x30
 *(.ARM.attributes)
 .ARM.attributes
                0x00000000       0x22 /Applications/STM32CubeIDE.app/Contents/Eclipse/plugins/com.st.stm32cube.ide.mcu.externaltools.gnu-tools-for-stm32.13.3.rel1.macos64_1.0.0.202411102158/tools/bin/../lib/gcc/arm-none-eabi/13.3.1/thumb/v7e-m+fp/hard/crti.o
 .ARM.attributes
                0x00000022       0x34 /Applications/STM32CubeIDE.app/Contents/Eclipse/plugins/com.st.stm32cube.ide.mcu.externaltools.gnu-tools-for-stm32.13.3.rel1.macos64_1.0.0.202411102158/tools/bin/../lib/gcc/arm-none-eabi/13.3.1/thumb/v7e-m+fp/hard/crtbegin.o
 .ARM.attributes
                0x00000056       0x34 ./Src/button.o
 .ARM.attributes
                0x0000008a       0x34 ./Src/led.o
 .ARM.attributes
                0x000000be       0x34 ./Src/main.o
 .ARM.attributes
                0x000000f2       0x34 ./Src/timer.o
 .ARM.attributes
                0x00000126       0x21 ./Startup/startup_stm32f303vctx.o
 .ARM.attributes
                0x00000147       0x34 /Applications/STM32CubeIDE.app/Contents/Eclipse/plugins/com.st.stm32cube.ide.mcu.externaltools.gnu-tools-for-stm32.13.3.rel1.macos64_1.0.0.202411102158/tools/bin/../lib/gcc/arm-none-eabi/13.3.1/../../../../arm-none-eabi/lib/thumb/v7e-m+fp/hard/libc_nano.a(libc_a-init.o)
 .ARM.attributes
                0x0000017b       0x22 /Applications/STM32CubeIDE.app/Contents/Eclipse/plugins/com.st.stm32cube.ide.mcu.externaltools.gnu-tools-for-stm32.13.3.rel1.macos64_1.0.0.202411102158/tools/bin/../lib/gcc/arm-none-eabi/13.3.1/thumb/v7e-m+fp/hard/crtn.o
OUTPUT(2700CpartD.elf elf32-littlearm)
LOAD linker stubs
LOAD /Applications/STM32CubeIDE.app/Contents/Eclipse/plugins/com.st.stm32cube.ide.mcu.externaltools.gnu-tools-for-stm32.13.3.rel1.macos64_1.0.0.202411102158/tools/bin/../lib/gcc/arm-none-eabi/13.3.1/../../../../arm-none-eabi/lib/thumb/v7e-m+fp/hard/libc.a
LOAD /Applications/STM32CubeIDE.app/Contents/Eclipse/plugins/com.st.stm32cube.ide.mcu.externaltools.gnu-tools-for-stm32.13.3.rel1.macos64_1.0.0.202411102158/tools/bin/../lib/gcc/arm-none-eabi/13.3.1/../../../../arm-none-eabi/lib/thumb/v7e-m+fp/hard/libm.a
LOAD /Applications/STM32CubeIDE.app/Contents/Eclipse/plugins/com.st.stm32cube.ide.mcu.externaltools.gnu-tools-for-stm32.13.3.rel1.macos64_1.0.0.202411102158/tools/bin/../lib/gcc/arm-none-eabi/13.3.1/thumb/v7e-m+fp/hard/libgcc.a

.debug_info     0x00000000     0x1494
 .debug_info    0x00000000      0x836 ./Src/button.o
 .debug_info    0x00000836      0x284 ./Src/led.o
 .debug_info    0x00000aba      0x124 ./Src/main.o
 .debug_info    0x00000bde      0x886 ./Src/timer.o
 .debug_info    0x00001464       0x30 ./Startup/startup_stm32f303vctx.o

.debug_abbrev   0x00000000      0x5aa
 .debug_abbrev  0x00000000      0x1b2 ./Src/button.o
 .debug_abbrev  0x000001b2      0x14e ./Src/led.o
 .debug_abbrev  0x00000300       0xd4 ./Src/main.o
 .debug_abbrev  0x000003d4      0x1b2 ./Src/timer.o
 .debug_abbrev  0x00000586       0x24 ./Startup/startup_stm32f303vctx.o

.debug_aranges  0x00000000      0x100
 .debug_aranges
                0x00000000       0x38 ./Src/button.o
 .debug_aranges
                0x00000038       0x30 ./Src/led.o
 .debug_aranges
                0x00000068       0x28 ./Src/main.o
 .debug_aranges
                0x00000090       0x48 ./Src/timer.o
 .debug_aranges
                0x000000d8       0x28 ./Startup/startup_stm32f303vctx.o

.debug_rnglists
                0x00000000       0xa8
 .debug_rnglists
                0x00000000       0x25 ./Src/button.o
 .debug_rnglists
                0x00000025       0x1f ./Src/led.o
 .debug_rnglists
                0x00000044       0x19 ./Src/main.o
 .debug_rnglists
                0x0000005d       0x32 ./Src/timer.o
 .debug_rnglists
                0x0000008f       0x19 ./Startup/startup_stm32f303vctx.o

.debug_macro    0x00000000    0x14f1a
 .debug_macro   0x00000000       0xc9 ./Src/button.o
 .debug_macro   0x000000c9      0xae4 ./Src/button.o
 .debug_macro   0x00000bad       0x28 ./Src/button.o
 .debug_macro   0x00000bd5       0x22 ./Src/button.o
 .debug_macro   0x00000bf7       0x8e ./Src/button.o
 .debug_macro   0x00000c85       0x51 ./Src/button.o
 .debug_macro   0x00000cd6      0x103 ./Src/button.o
 .debug_macro   0x00000dd9       0x6a ./Src/button.o
 .debug_macro   0x00000e43      0x1df ./Src/button.o
 .debug_macro   0x00001022       0x1c ./Src/button.o
 .debug_macro   0x0000103e       0x22 ./Src/button.o
 .debug_macro   0x00001060       0xd9 ./Src/button.o
 .debug_macro   0x00001139     0x102d ./Src/button.o
 .debug_macro   0x00002166      0x11f ./Src/button.o
 .debug_macro   0x00002285    0x12a3a ./Src/button.o
 .debug_macro   0x00014cbf       0xc9 ./Src/led.o
 .debug_macro   0x00014d88       0xc9 ./Src/main.o
 .debug_macro   0x00014e51       0xc9 ./Src/timer.o

.debug_line     0x00000000     0x14a5
 .debug_line    0x00000000      0x525 ./Src/button.o
 .debug_line    0x00000525      0x4f4 ./Src/led.o
 .debug_line    0x00000a19      0x4b1 ./Src/main.o
 .debug_line    0x00000eca      0x560 ./Src/timer.o
 .debug_line    0x0000142a       0x7b ./Startup/startup_stm32f303vctx.o

.debug_str      0x00000000    0x727c9
 .debug_str     0x00000000    0x727c9 ./Src/button.o
                              0x728fb (size before relaxing)
 .debug_str     0x000727c9    0x723a8 ./Src/led.o
 .debug_str     0x000727c9    0x72320 ./Src/main.o
 .debug_str     0x000727c9    0x7291b ./Src/timer.o
 .debug_str     0x000727c9       0x7c ./Startup/startup_stm32f303vctx.o

.comment        0x00000000       0x43
 .comment       0x00000000       0x43 ./Src/button.o
                                 0x44 (size before relaxing)
 .comment       0x00000043       0x44 ./Src/led.o
 .comment       0x00000043       0x44 ./Src/main.o
 .comment       0x00000043       0x44 ./Src/timer.o

.debug_frame    0x00000000      0x27c
 .debug_frame   0x00000000       0xa0 ./Src/button.o
 .debug_frame   0x000000a0       0x7c ./Src/led.o
 .debug_frame   0x0000011c       0x50 ./Src/main.o
 .debug_frame   0x0000016c       0xe4 ./Src/timer.o
 .debug_frame   0x00000250       0x2c /Applications/STM32CubeIDE.app/Contents/Eclipse/plugins/com.st.stm32cube.ide.mcu.externaltools.gnu-tools-for-stm32.13.3.rel1.macos64_1.0.0.202411102158/tools/bin/../lib/gcc/arm-none-eabi/13.3.1/../../../../arm-none-eabi/lib/thumb/v7e-m+fp/hard/libc_nano.a(libc_a-init.o)

.debug_line_str
                0x00000000       0x60
 .debug_line_str
                0x00000000       0x60 ./Startup/startup_stm32f303vctx.o
