../Inc/core_cm4.h:1688:22:__NVIC_EnableIRQ	16	static
../Inc/core_cm4.h:1724:22:__NVIC_DisableIRQ	16	static,ignoring_inline_asm
../Inc/core_cm4.h:1816:22:__NVIC_SetPriority	16	static
../Src/timer.c:13:13:tim2_config_start	16	static
../Src/timer.c:39:6:timer_init	16	static
../Src/timer.c:48:6:timer_oneshot	16	static
../Src/timer.c:56:6:timer_setPeriod	16	static
../Src/timer.c:64:10:timer_getPeriod	4	static
../Src/timer.c:71:6:timer_stop	8	static
../Src/timer.c:84:6:TIM2_IRQHandler	8	static
